// Jest Snapshot v1, https://goo.gl/fbAQLP

exports[`<HtmlContent /> should match snapshot 1`] = `
.c0 {
  font-size: 2.4rem;
}

.c0 p,
.c0 h1,
.c0 h2,
.c0 h3,
.c0 h4,
.c0 h5,
.c0 h6 {
  margin: 4.0rem 0;
}

.c0 a,
.c0 a:visited,
.c0 a:link {
  color: #dc143c;
  text-decoration: none;
  transition: all 300ms ease-in-out;
}

.c0 a:hover {
  filter: brightness(50%);
}

.c0 pre {
  background: #000000;
  padding: 2.4rem;
  font-family: monospace;
  color: #FFFFFF;
  margin: 4.0rem 0;
  width: 100%;
  overflow-x: auto;
  font-size: 1.6rem;
}

.c0 img {
  max-width: 100%;
}

.c0 .image {
  background: #DDDDDD;
  line-height: 0;
  margin: 4.0rem 0;
}

.c0 .image figcaption {
  font-size: 1.6rem;
  padding: 1.6rem;
  text-align: center;
  line-height: 1.3;
}

.c0 .image-style-side {
  max-width: 50%;
  float: right;
  margin: 2.4rem;
}

.c0 hr {
  border: none;
  border-bottom: 0.1rem solid #DDDDDD;
}

.c0 ul,
.c0 ol {
  margin: 4.0rem;
}

.c0 .table {
  width: 100%;
  overflow: hidden;
  overflow-x: auto;
}

.c0 table {
  width: 100%;
  border-collapse: collapse;
}

.c0 table td,
.c0 table th {
  padding: 1.6rem;
  border: 0.1rem solid #DDDDDD;
}

@media (max-width: 768px) {
  .c0 {
    font-size: 2rem;
  }

  .c0 h1 {
    font-size: 3.2rem;
  }

  .c0 .image-style-side {
    max-width: 100%;
    float: none;
    margin: 0;
  }
}

<div
  class="c0"
>
  <b>
    Children
  </b>
</div>
`;
