// Jest Snapshot v1, https://goo.gl/fbAQLP

exports[`<PostCard /> should match snapshot 1`] = `
.c3 {
  color: #000000;
  line-height: 1.2;
  font-size: 2.4rem;
  text-transform: none;
}

.c0 .c2 {
  margin: 0;
  margin-top: calc(1.6rem - 0.6rem);
  margin-bottom: 1.6rem;
}

.c0 a {
  text-decoration: none;
  color: inherit;
  transition: all 300ms ease-in-out;
}

.c0:hover a {
  color: #dc143c;
}

.c0:hover img {
  opacity: 0.8;
}

.c1 {
  max-width: 100%;
  transition: opacity 300ms ease-in-out;
}

<div>
  <div
    class="c0"
  >
    <a
      href="/post/lorem-ipsum-dolor-sit-amet"
    >
      <img
        class="c1"
        src="https://res.cloudinary.com/dxrvtimah/image/upload/v1695813803/advogado_f4b1e5b62f.jpg"
      />
    </a>
    <h2
      class="c2 c3"
    >
      <a
        href="/post/lorem-ipsum-dolor-sit-amet"
      >
        Lorem ipsum dolor sit amet
      </a>
    </h2>
    <p
      class=""
    >
      Sed ut perspiciatis unde omnis iste natus error sit voluptatem accusantium doloremque laudantium, totam rem aperiam, eaque ipsa quae ab illo inventore veritatis et quasi architecto beatae vitae dicta sunt explicabo.
    </p>
  </div>
</div>
`;
