// Jest Snapshot v1, https://goo.gl/fbAQLP

exports[`<Footer /> should render 1`] = `
.c1 {
  font-size: 2.4rem;
}

.c0 {
  text-align: center;
  border-top: 0.1rem solid #DDDDDD;
}

.c0 a {
  color: inherit;
  text-decoration: none;
}

<div>
  <footer
    class="c0"
  >
    <div
      class="c1"
    >
      <h1>
        Ol√°
      </h1>
    </div>
  </footer>
</div>
`;
