// Jest Snapshot v1, https://goo.gl/fbAQLP

exports[`<PostGrid /> should match snapshot 1`] = `
.c5 {
  color: #000000;
  line-height: 1.2;
  font-size: 2.4rem;
  text-transform: none;
}

.c2 .c4 {
  margin: 0;
  margin-top: calc(1.6rem - 0.6rem);
  margin-bottom: 1.6rem;
}

.c2 a {
  text-decoration: none;
  color: inherit;
  transition: all 300ms ease-in-out;
}

.c2:hover a {
  color: #dc143c;
}

.c2:hover img {
  opacity: 0.8;
}

.c3 {
  max-width: 100%;
  transition: opacity 300ms ease-in-out;
}

.c0 {
  width: 100%;
}

.c1 {
  max-width: 120rem;
  margin: 0 auto;
  display: grid;
  grid-template-columns: repeat(auto-fill,minmax(28rem,1fr));
  gap: 3.2rem;
  padding: 3.2rem;
}

@media (max-width: 360px) {
  .c1 {
    grid-template-columns: 1fr;
  }
}

<div>
  <div
    class="c0"
  >
    <div
      class="c1"
    >
      <div
        class="c2"
      >
        <a
          href="/post/lorem-ipsum-dolor-sit-amet"
        >
          <img
            class="c3"
            src="https://res.cloudinary.com/dxrvtimah/image/upload/v1695813803/advogado_f4b1e5b62f.jpg"
          />
        </a>
        <h2
          class="c4 c5"
        >
          <a
            href="/post/lorem-ipsum-dolor-sit-amet"
          >
            Lorem ipsum dolor sit amet
          </a>
        </h2>
        <p
          class=""
        >
          Sed ut perspiciatis unde omnis iste natus error sit voluptatem accusantium doloremque laudantium, totam rem aperiam, eaque ipsa quae ab illo inventore veritatis et quasi architecto beatae vitae dicta sunt explicabo.
        </p>
      </div>
      <div
        class="c2"
      >
        <a
          href="/post/lorem-ipsum-dolor-sit-amet"
        >
          <img
            class="c3"
            src="https://res.cloudinary.com/dxrvtimah/image/upload/v1695813803/advogado_f4b1e5b62f.jpg"
          />
        </a>
        <h2
          class="c4 c5"
        >
          <a
            href="/post/lorem-ipsum-dolor-sit-amet"
          >
            Lorem ipsum dolor sit amet
          </a>
        </h2>
        <p
          class=""
        >
          Sed ut perspiciatis unde omnis iste natus error sit voluptatem accusantium doloremque laudantium, totam rem aperiam, eaque ipsa quae ab illo inventore veritatis et quasi architecto beatae vitae dicta sunt explicabo.
        </p>
      </div>
      <div
        class="c2"
      >
        <a
          href="/post/lorem-ipsum-dolor-sit-amet"
        >
          <img
            class="c3"
            src="https://res.cloudinary.com/dxrvtimah/image/upload/v1695813803/advogado_f4b1e5b62f.jpg"
          />
        </a>
        <h2
          class="c4 c5"
        >
          <a
            href="/post/lorem-ipsum-dolor-sit-amet"
          >
            Lorem ipsum dolor sit amet
          </a>
        </h2>
        <p
          class=""
        >
          Sed ut perspiciatis unde omnis iste natus error sit voluptatem accusantium doloremque laudantium, totam rem aperiam, eaque ipsa quae ab illo inventore veritatis et quasi architecto beatae vitae dicta sunt explicabo.
        </p>
      </div>
    </div>
  </div>
</div>
`;
