// Jest Snapshot v1, https://goo.gl/fbAQLP

exports[`<ArticleMeta /> should match snapshot 1`] = `
.c0 {
  font-size: 1.6rem;
  color: #AAAAAA;
  font-style: italic;
}

.c0 .categories span::after {
  content: ', ';
}

.c0 .categories span:last-child::after {
  content: '';
}

.c0 a {
  color: #dc143c;
  text-decoration: none;
  transition: all 300ms ease-in-out;
}

.c0 a:hover {
  filter: brightness(50%);
}

<div>
  <div
    class="c0"
  >
    <p>
      <span>
        Por 
      </span>
      <a
        href="/author/gabriel-sousa"
      >
        Gabriel Sousa
      </a>
      <span
        class="separator"
      >
         | 
      </span>
      <time
        datetime="2023-09-27T11:26:43.234Z"
      >
        27 de set. de 2023
      </time>
      <span
        class="separator"
      >
         | 
      </span>
      <span
        class="categories"
      >
        <span>
          <a
            href="/category/java-script"
          >
            JavaScript
          </a>
        </span>
        <span>
          <a
            href="/category/react"
          >
            React
          </a>
        </span>
      </span>
    </p>
  </div>
</div>
`;
